QA output created by 006
using backend plain store
check whether all nodes have the same cluster info
