QA output created by 008
using backend plain store
begin kill
wait for object recovery to finish
