QA output created by 009
using backend plain store
