QA output created by 010
using backend plain store
Cluster recovery: disable
STORE/0/obj/007c2b2500000000
STORE/0/obj/007c2b2500000001
STORE/0/obj/007c2b2500000002
STORE/0/obj/007c2b2500000004
STORE/0/obj/007c2b2500000005
STORE/0/obj/007c2b2500000007
STORE/0/obj/807c2b2500000000
STORE/1/obj/007c2b2500000000
STORE/1/obj/007c2b2500000001
STORE/1/obj/007c2b2500000002
STORE/1/obj/007c2b2500000003
STORE/1/obj/807c2b2500000000
STORE/2/obj/007c2b2500000000
STORE/2/obj/007c2b2500000003
STORE/2/obj/007c2b2500000006
STORE/2/obj/007c2b2500000007
STORE/2/obj/807c2b2500000000
STORE/3/obj/007c2b2500000004
STORE/3/obj/007c2b2500000005
STORE/3/obj/007c2b2500000006
STORE/3/obj/007c2b2500000007
STORE/4/obj/007c2b2500000001
STORE/4/obj/007c2b2500000002
STORE/4/obj/007c2b2500000003
STORE/4/obj/007c2b2500000004
STORE/4/obj/007c2b2500000005
STORE/4/obj/007c2b2500000006
Cluster status: running, auto-recovery disabled

Cluster created at DATE

Epoch Time           Version
DATE      3 [127.0.0.1:7000, 127.0.0.1:7001, 127.0.0.1:7002]
STORE/0/obj/007c2b2500000000
STORE/0/obj/007c2b2500000001
STORE/0/obj/007c2b2500000002
STORE/0/obj/007c2b2500000004
STORE/0/obj/007c2b2500000005
STORE/0/obj/007c2b2500000007
STORE/0/obj/807c2b2500000000
STORE/1/obj/007c2b2500000000
STORE/1/obj/007c2b2500000001
STORE/1/obj/007c2b2500000002
STORE/1/obj/007c2b2500000003
STORE/1/obj/807c2b2500000000
STORE/2/obj/007c2b2500000000
STORE/2/obj/007c2b2500000003
STORE/2/obj/007c2b2500000006
STORE/2/obj/007c2b2500000007
STORE/2/obj/807c2b2500000000
STORE/3/obj/007c2b2500000004
STORE/3/obj/007c2b2500000005
STORE/3/obj/007c2b2500000006
STORE/3/obj/007c2b2500000007
STORE/4/obj/007c2b2500000001
STORE/4/obj/007c2b2500000002
STORE/4/obj/007c2b2500000003
STORE/4/obj/007c2b2500000004
STORE/4/obj/007c2b2500000005
STORE/4/obj/007c2b2500000006
a8775e30ddc5eda14d76e5361a514392  -
8124234db4755d4772c3440f2cbd1ecb  -
62630992718e77c73873ce1672d80786  -
19b9d4d75a5a71bfad364628880fa913  -
Cluster status: running, auto-recovery disabled

Cluster created at DATE

Epoch Time           Version
DATE      3 [127.0.0.1:7000, 127.0.0.1:7001, 127.0.0.1:7002]
STORE/0/obj/007c2b2500000000
STORE/0/obj/007c2b2500000001
STORE/0/obj/007c2b2500000002
STORE/0/obj/007c2b2500000004
STORE/0/obj/007c2b2500000005
STORE/0/obj/007c2b2500000006
STORE/0/obj/007c2b2500000007
STORE/0/obj/807c2b2500000000
STORE/1/obj/007c2b2500000000
STORE/1/obj/007c2b2500000001
STORE/1/obj/007c2b2500000002
STORE/1/obj/007c2b2500000003
STORE/1/obj/007c2b2500000004
STORE/1/obj/007c2b2500000005
STORE/1/obj/007c2b2500000006
STORE/1/obj/007c2b2500000007
STORE/1/obj/807c2b2500000000
STORE/2/obj/007c2b2500000000
STORE/2/obj/007c2b2500000003
STORE/2/obj/007c2b2500000004
STORE/2/obj/007c2b2500000005
STORE/2/obj/007c2b2500000006
STORE/2/obj/007c2b2500000007
STORE/2/obj/807c2b2500000000
STORE/3/obj/007c2b2500000004
STORE/3/obj/007c2b2500000005
STORE/3/obj/007c2b2500000006
STORE/3/obj/007c2b2500000007
STORE/4/obj/007c2b2500000001
STORE/4/obj/007c2b2500000002
STORE/4/obj/007c2b2500000003
STORE/4/obj/007c2b2500000004
STORE/4/obj/007c2b2500000005
STORE/4/obj/007c2b2500000006
Cluster recovery: enable
Cluster status: running, auto-recovery enabled

Cluster created at DATE

Epoch Time           Version
DATE      3 [127.0.0.1:7000, 127.0.0.1:7001, 127.0.0.1:7002]
STORE/0/obj/007c2b2500000000
STORE/0/obj/007c2b2500000001
STORE/0/obj/007c2b2500000002
STORE/0/obj/007c2b2500000003
STORE/0/obj/007c2b2500000004
STORE/0/obj/007c2b2500000005
STORE/0/obj/007c2b2500000006
STORE/0/obj/007c2b2500000007
STORE/0/obj/807c2b2500000000
STORE/1/obj/007c2b2500000000
STORE/1/obj/007c2b2500000001
STORE/1/obj/007c2b2500000002
STORE/1/obj/007c2b2500000003
STORE/1/obj/007c2b2500000004
STORE/1/obj/007c2b2500000005
STORE/1/obj/007c2b2500000006
STORE/1/obj/007c2b2500000007
STORE/1/obj/807c2b2500000000
STORE/2/obj/007c2b2500000000
STORE/2/obj/007c2b2500000001
STORE/2/obj/007c2b2500000002
STORE/2/obj/007c2b2500000003
STORE/2/obj/007c2b2500000004
STORE/2/obj/007c2b2500000005
STORE/2/obj/007c2b2500000006
STORE/2/obj/007c2b2500000007
STORE/2/obj/807c2b2500000000
STORE/3/obj/007c2b2500000004
STORE/3/obj/007c2b2500000005
STORE/3/obj/007c2b2500000006
STORE/3/obj/007c2b2500000007
STORE/4/obj/007c2b2500000001
STORE/4/obj/007c2b2500000002
STORE/4/obj/007c2b2500000003
STORE/4/obj/007c2b2500000004
STORE/4/obj/007c2b2500000005
STORE/4/obj/007c2b2500000006
Cluster recovery: disable
Cluster status: running, auto-recovery disabled

Cluster created at DATE

Epoch Time           Version
DATE      8 [127.0.0.1:7000, 127.0.0.1:7001, 127.0.0.1:7002, 127.0.0.1:7003, 127.0.0.1:7004, 127.0.0.1:7005, 127.0.0.1:7006, 127.0.0.1:7007]
STORE/0/obj/007c2b2500000000
STORE/0/obj/007c2b2500000001
STORE/0/obj/007c2b2500000002
STORE/0/obj/007c2b2500000004
STORE/0/obj/007c2b2500000005
STORE/0/obj/807c2b2500000000
STORE/1/obj/007c2b2500000000
STORE/1/obj/007c2b2500000001
STORE/1/obj/007c2b2500000002
STORE/1/obj/807c2b2500000000
STORE/2/obj/007c2b2500000000
STORE/2/obj/007c2b2500000003
STORE/2/obj/807c2b2500000000
e0b27e7466a3c21d0a4dedfed8bb9184  -
f35835c0a25be5ee75a536d1816c1db4  -
0faf5f38c28a38a6db1e6dfcdf259141  -
83bffbfb00dbcb7d6b4a2fa9274175b9  -
Cluster status: running, auto-recovery disabled

Cluster created at DATE

Epoch Time           Version
DATE      8 [127.0.0.1:7000, 127.0.0.1:7001, 127.0.0.1:7002, 127.0.0.1:7003, 127.0.0.1:7004, 127.0.0.1:7005, 127.0.0.1:7006, 127.0.0.1:7007]
STORE/0/obj/007c2b2500000000
STORE/0/obj/007c2b2500000001
STORE/0/obj/007c2b2500000002
STORE/0/obj/007c2b2500000004
STORE/0/obj/007c2b2500000005
STORE/0/obj/807c2b2500000000
STORE/1/obj/007c2b2500000000
STORE/1/obj/007c2b2500000001
STORE/1/obj/007c2b2500000002
STORE/1/obj/807c2b2500000000
STORE/2/obj/007c2b2500000000
STORE/2/obj/007c2b2500000003
STORE/2/obj/807c2b2500000000
STORE/4/obj/007c2b2500000001
STORE/4/obj/007c2b2500000002
STORE/6/obj/007c2b2500000003
STORE/7/obj/007c2b2500000003
Cluster recovery: enable
Cluster status: running, auto-recovery enabled

Cluster created at DATE

Epoch Time           Version
DATE      8 [127.0.0.1:7000, 127.0.0.1:7001, 127.0.0.1:7002, 127.0.0.1:7003, 127.0.0.1:7004, 127.0.0.1:7005, 127.0.0.1:7006, 127.0.0.1:7007]
STORE/0/obj/007c2b2500000000
STORE/0/obj/007c2b2500000001
STORE/0/obj/007c2b2500000002
STORE/0/obj/007c2b2500000004
STORE/0/obj/007c2b2500000005
STORE/0/obj/807c2b2500000000
STORE/1/obj/007c2b2500000000
STORE/1/obj/007c2b2500000001
STORE/1/obj/007c2b2500000002
STORE/1/obj/807c2b2500000000
STORE/2/obj/007c2b2500000000
STORE/2/obj/007c2b2500000003
STORE/2/obj/807c2b2500000000
STORE/3/obj/007c2b2500000004
STORE/3/obj/007c2b2500000005
STORE/3/obj/007c2b2500000007
STORE/4/obj/007c2b2500000001
STORE/4/obj/007c2b2500000002
STORE/4/obj/007c2b2500000004
STORE/4/obj/007c2b2500000006
STORE/5/obj/007c2b2500000005
STORE/5/obj/007c2b2500000006
STORE/5/obj/007c2b2500000007
STORE/6/obj/007c2b2500000003
STORE/7/obj/007c2b2500000003
STORE/7/obj/007c2b2500000006
STORE/7/obj/007c2b2500000007
