QA output created by 014
using backend plain store
key shouldn't be found
Attribute 'key' not found
key shouldn't be found
Attribute 'key' not found
