QA output created by 018
using backend plain store
