QA output created by 019
using backend plain store
