QA output created by 020
using backend plain store
