QA output created by 021
using backend plain store
