QA output created by 023
using backend plain store
comparing cluster info for all sheep.  Should be the same
