QA output created by 026
using backend plain store
42
