QA output created by 027
using backend plain store
STORE/0/obj/80fd32fc00000000
STORE/1/obj/80fd32fc00000000
STORE/3/obj/80fd32fc00000000
