QA output created by 033
using backend plain store
9c7766570b3be3aff2724f587c2f4107  -
STORE/0/obj/807c2b2500000000
STORE/1/obj/807c2b2500000000
STORE/2/obj/807c2b2500000000
STORE/0/obj/007c2b2500000000
STORE/1/obj/007c2b2500000000
STORE/2/obj/007c2b2500000000
STORE/0/obj/007c2b2500000001
STORE/1/obj/007c2b2500000001
STORE/4/obj/007c2b2500000001
STORE/0/obj/007c2b2500000002
STORE/1/obj/007c2b2500000002
STORE/4/obj/007c2b2500000002
STORE/2/obj/007c2b2500000003
STORE/6/obj/007c2b2500000003
STORE/7/obj/007c2b2500000003
STORE/0/obj/007c2b2500000004
STORE/3/obj/007c2b2500000004
STORE/4/obj/007c2b2500000004
STORE/0/obj/007c2b2500000005
STORE/3/obj/007c2b2500000005
STORE/5/obj/007c2b2500000005
STORE/4/obj/007c2b2500000006
STORE/5/obj/007c2b2500000006
STORE/7/obj/007c2b2500000006
STORE/3/obj/007c2b2500000007
STORE/5/obj/007c2b2500000007
STORE/7/obj/007c2b2500000007
STORE/1/obj/007c2b2500000008
STORE/3/obj/007c2b2500000008
STORE/6/obj/007c2b2500000008
STORE/3/obj/007c2b2500000009
STORE/5/obj/007c2b2500000009
STORE/7/obj/007c2b2500000009
STORE/0/obj/007c2b250000000a
STORE/2/obj/007c2b250000000a
STORE/5/obj/007c2b250000000a
STORE/1/obj/007c2b250000000b
STORE/4/obj/007c2b250000000b
STORE/5/obj/007c2b250000000b
STORE/3/obj/007c2b250000000c
STORE/4/obj/007c2b250000000c
STORE/5/obj/007c2b250000000c
STORE/0/obj/007c2b250000000d
STORE/2/obj/007c2b250000000d
STORE/3/obj/007c2b250000000d
STORE/1/obj/007c2b250000000e
STORE/3/obj/007c2b250000000e
STORE/7/obj/007c2b250000000e
STORE/2/obj/007c2b250000000f
STORE/4/obj/007c2b250000000f
STORE/5/obj/007c2b250000000f
STORE/0/obj/007c2b2500000010
STORE/1/obj/007c2b2500000010
STORE/4/obj/007c2b2500000010
STORE/3/obj/007c2b2500000011
STORE/5/obj/007c2b2500000011
STORE/7/obj/007c2b2500000011
STORE/2/obj/007c2b2500000012
STORE/4/obj/007c2b2500000012
STORE/6/obj/007c2b2500000012
STORE/0/obj/007c2b2500000013
STORE/5/obj/007c2b2500000013
STORE/6/obj/007c2b2500000013
STORE/0/obj/007c2b2500000014
STORE/5/obj/007c2b2500000014
STORE/6/obj/007c2b2500000014
STORE/0/obj/007c2b2500000015
STORE/2/obj/007c2b2500000015
STORE/3/obj/007c2b2500000015
STORE/1/obj/007c2b2500000016
STORE/5/obj/007c2b2500000016
STORE/6/obj/007c2b2500000016
STORE/2/obj/007c2b2500000017
STORE/5/obj/007c2b2500000017
STORE/6/obj/007c2b2500000017
STORE/0/obj/007c2b2500000018
STORE/1/obj/007c2b2500000018
STORE/5/obj/007c2b2500000018







STORE/0/obj/.stale:
STORE/1/obj/.stale:
STORE/2/obj/.stale:
STORE/3/obj/.stale:
STORE/4/obj/.stale:
STORE/5/obj/.stale:
STORE/6/obj/.stale:
STORE/7/obj/.stale:
9c7766570b3be3aff2724f587c2f4107  -
