QA output created by 049
using backend plain store
