QA output created by 050
using backend plain store
fallback done
finish check&repair test
