QA output created by 061
using backend plain store
finish check&repair test
