QA output created by 062
using backend plain store
= test 0 1234 0 0 MASKED 7c2b25 3
hello
world
h!!!
h^^!
xxx
h^^!
world
